/alpha/rmabill/rmabill101/dvlp/moira
Tue Mar 14 11:29:43 EST 2017
 + + + Sourced in /alpha/rmabill/rmabill101/dvlp/moira + + +
;Compiling program [/alpha/rmabill/rmabill101/dvlp/moira/m190.qks]
Q D E S I G N   (7.33.E)
Copyright 1996 COGNOS INCORPORATED
Licensed PH-DEVELOPMENT for customer: 0057360001 DYAD Systems Inc. UNIX

> ;#> PROGRAM-ID.     M190.QKS
> ;
> ;       ((C)) Dyad Technologies
> ;
> ;    PURPOSE: Maintenance of the COMPENSATION CODES MASTER
> ;
> ;    MODIFICATION HISTORY
> ;        DATE    SAF #  WHO      DESCRIPTION
> ;     92/JAN/01  ____   B.E.     - original
> ;     93/DEC/03  ____   B.E.     - removed associated YTD-COMP-CODE
> ;     98/JAN/14  ____   J.C.     - replaced index name short-desc to desc-short
> ;   1999/Apr/22 	S.B.	 - Y2K checked.
> ;   1999/Jun/07         S.B.     - Altered the call to scrtitle.use and
> ;                                  stdhilite.use to be called from $use
> ;                                  instead of src.
> ;                                - Removed the call to secfile.use because
> ;                                  it was not doing anything.
> ;   2002/Aug/28		M.C.	 - include 4 new flags on the screen
> ;   2008/May/21		M.C.	 - include designer 'dtl' call screen
> ;   2017/Mar/02         MC1      - disable the designer DTL as Brad agreed
> ;				   because f190-dtl-dept-comp-codes does not exist
> ;				   according to rmabill.pdl, it has replaced by f116-dtl
> 
> can clear
> set default
> 
> screen $pb_obj/m190.qkc on 1 for 23 message on line 24
> 
> description of screen                                                    &
> "                                                                      " &
> "       This screen allows maintenance of the COMPENSATION CODES.      " &
> "       These Compensation Codes are used to create INCOME, EXPENSE,   " &
> "       DEDUCTION, PAYMENT, and CALCULATION transactions.              " &
> "                                                                      "
> 
> ;use $pb_src/secfile.use   nol nod
> 
> file  f190-comp-codes                     primary
> 
> define x-screen-name char*55 = "COMPENSATION CODES Maintenance"
> use $use/scrtitle.use  nol nod
> use $use/stdhilite.use nol nod
> 
> skip to 3
> align (1,4,24) (41,44,65)
> field comp-code         of f190-comp-codes label "CODE              :" &
>       lookup noton f190-comp-codes                                     &
>       message "Error -  This COMPENSATION CODE has already been defined."
> 
> align (1,4,24) (,25,26)
> field comp-type         of f190-comp-codes label "TYPE / SUB-TYPE   :" required
> field comp-sub-type     of f190-comp-codes label "/"                   required if comp-type = "I"
> align (1,4,24)
> field comp-owner        of f190-comp-codes label "OWNER             :" required
> 
> skip 1
> align (1,4,24)
> field desc-long         of f190-comp-codes label "DESCRIPTION- LONG :" required
> align (,4,24)
> field desc-short        of f190-comp-codes label "           - SHORT:" required &
>       lookup noton f190-comp-codes viaindex desc-short                &
>       message "Error - The 1st 15 characters ('short' description) are NOT UNIQUE."
> 
> skip 1
> align (1,4,24) (41,44,65)
> field process-seq       of f190-comp-codes label "PROCESS SEQUENCE  :" required
> field comp-code-group   of f190-comp-codes label "GROUP CODE         :" required
> 
> align          (41,44,65)
> field reporting-seq     of f190-comp-codes label "REPORTING SEQUENCE :" required
> 
> align (1,4,24)
> field units-dollars-flag of f190-comp-codes label "UNITS/DOLLARS Flag:" required
> align (,4,24)
> field factor            of f190-comp-codes label "FACTOR            :" predisplay
> field amt-per-unit      of f190-comp-codes label "AMOUNT Per Unit   :"
> ;FIELD AMT-EMPLOYEE     OF F190-COMP-CODES LABEL "AMOUNT employee   :"
> field percent-gst       of f190-comp-codes label "Percent GST       :"
> ;FIELD AMT-EMPLOYER     OF F190-COMP-CODES LABEL "AMOUNT employer   :"
> ;FIELD PERCENT-PST       OF F190-COMP-CODES LABEL "Percent PST       :"
> field amt-taxable       of f190-comp-codes label "FACTOR Taxable    :"
> 
> ;2002/08/28- MC - include the new flags
> skip to 13
> align          (41,44,70)
> field doc-tax-rpt-flag of f190-comp-codes label  'DOC TAX SUMMARY REPORT: '
> align          (,44,70)
> field t4-net-pay-flag of  f190-comp-codes label  'NET PAY REPORT ON T4  : '
> field t4-net-tax-flag of  f190-comp-codes label  'NET TAX REPORT ON T4  : '
> field t4-net-deduc-flag of f190-comp-codes label 'NET DEDUC REPORT ON T4: '
> 
> ;2002/08/28 - end
> 
> skip 1
> align (1,4,24)
> field process-min       of f190-comp-codes label "Process - MINIMUM :"
> align (,4,24)
> field process-max       of f190-comp-codes label "        - MAXIMUM :"
> 
> skip 1
> align (1,4,24)
> field fiscal-max        of f190-comp-codes label "MAXIMUM- FISCAL   :"
> align (,4,24)
> field calendar-max      of f190-comp-codes label "       - CALENDAR :"
> field ltd-max           of f190-comp-codes label "     -LIFE TO DATE:"
> 
> skip to 20
> title "Affect                                  " at ,40
> skip
> title "Accumulator 1  2  3  4  5  6  7  8  9 10" at ,40
> align (37,40,52) (,,55) (,,58) (,,61) (,,64) (,,67) (,,70) (,,73) (,,76) (,,79)
> field affect-gross0     of f190-comp-codes label "          :"
> field affect-gross1     of f190-comp-codes
> field affect-gross2     of f190-comp-codes
> field affect-gross3     of f190-comp-codes
> field affect-gross4     of f190-comp-codes
> field affect-gross5     of f190-comp-codes
> field affect-gross6     of f190-comp-codes
> field affect-gross7     of f190-comp-codes
> field affect-gross8     of f190-comp-codes
> field affect-gross9     of f190-comp-codes
> skip
> field affect-gross10    of f190-comp-codes label "      + 10:"
> field affect-gross11    of f190-comp-codes
> field affect-gross12    of f190-comp-codes
> field affect-gross13    of f190-comp-codes
> field affect-gross14    of f190-comp-codes
> field affect-gross15    of f190-comp-codes
> field affect-gross16    of f190-comp-codes
> field affect-gross17    of f190-comp-codes
> field affect-gross18    of f190-comp-codes
> field affect-gross19    of f190-comp-codes
> 
> ;FIELD LAST-MOD-DATE         OF F190-COMP-CODES
> ;FIELD LAST-MOD-TIME         OF F190-COMP-CODES
> ;FIELD LAST-MOD-USER-ID      OF F190-COMP-CODES
> 
> 
> procedure designer gros
> begin
>     run screen $pb_obj/m190a.qkc clear lines 13 to 23 passing f190-comp-codes mode f
> end
> 
> ; 2008/05/21 - MC
> ; MC1
> ;procedure designer dtl
> ;begin
> ;   run screen $pb_obj/m190b.qkc clear lines 13 to 23 passing f190-comp-codes mode f
> ;end
> ; MC1 - end
> ; 2008/05/21 - end
> 
> build
MODE:x ACTION:xxxxxxxxx  xxxxxxxxxxxxxxxxxxxxxxxxxxxxxxxxxxxxxxxxxxxxxxxxxxxxxxx
 
01 CODE              : xxxxxx
02 TYPE / SUB-TYPE   : x/x
03 OWNER             : x
 
04 DESCRIPTION- LONG : xxxxxxxxxxxxxxxxxxxxxxxxxxxxxxxxxxxxxxxx
              - SHORT: xxxxxxxxxxxxxxx
 
05 PROCESS SEQUENCE  : xx               06 GROUP CODE         : x
                                        07 REPORTING SEQUENCE : xx
08 UNITS/DOLLARS Flag: x
   FACTOR            : xxxxxxx          09 DOC TAX SUMMARY REPORT:   x
   AMOUNT Per Unit   : xxxxxxxxxxxx        NET PAY REPORT ON T4  :   x
   Percent GST       : xxxxxx              NET TAX REPORT ON T4  :   x
   FACTOR Taxable    : xxxxxxxxxxxx        NET DEDUC REPORT ON T4:   x
 
10 Process - MINIMUM : xxxxxxxxxx
           - MAXIMUM : xxxxxxxxxx
                                       Affect
11 MAXIMUM- FISCAL   : xxxxxxxxxx      Accumulator 1  2  3  4  5  6  7  8  9 10
          - CALENDAR : xxxxxxxxxx   12           : x  x  x  x  x  x  x  x  x  x
        -LIFE TO DATE: xxxxxxxxxx   13       + 10: x  x  x  x  x  x  x  x  x  x
0 ERRORS  0 WARNINGS. Press RETURN to continue.
> 
Tue Mar 14 11:29:44 EST 2017
